Archive member included to satisfy reference by file (symbol)

/usr/lib/gcc/arm-none-eabi/10.3.1/libgcc.a(_arm_mulsf3.o)
                              build/g_game.o (__aeabi_fmul)
/usr/lib/gcc/arm-none-eabi/10.3.1/libgcc.a(_udivsi3.o)
                              build/memio.o (__aeabi_uidiv)
/usr/lib/gcc/arm-none-eabi/10.3.1/libgcc.a(_divsi3.o)
                              build/am_map.o (__aeabi_idiv)
/usr/lib/gcc/arm-none-eabi/10.3.1/libgcc.a(_dvmd_tls.o)
                              /usr/lib/gcc/arm-none-eabi/10.3.1/libgcc.a(_udivsi3.o) (__aeabi_idiv0)
/usr/lib/gcc/arm-none-eabi/10.3.1/libgcc.a(_arm_addsubdf3.o)
                              build/g_game.o (__aeabi_f2d)
/usr/lib/gcc/arm-none-eabi/10.3.1/libgcc.a(_arm_cmpdf2.o)
                              build/v_video.o (__aeabi_dcmplt)
/usr/lib/gcc/arm-none-eabi/10.3.1/libgcc.a(_arm_truncdfsf2.o)
                              build/m_config.o (__aeabi_d2f)
/usr/lib/gcc/arm-none-eabi/10.3.1/libgcc.a(_arm_addsubsf3.o)
                              build/v_video.o (__aeabi_fsub)
/usr/lib/gcc/arm-none-eabi/10.3.1/libgcc.a(_arm_muldivsf3.o)
                              build/g_game.o (__aeabi_fdiv)
/usr/lib/gcc/arm-none-eabi/10.3.1/libgcc.a(_arm_fixsfsi.o)
                              build/v_video.o (__aeabi_f2iz)
/usr/lib/gcc/arm-none-eabi/10.3.1/libgcc.a(_aeabi_ldivmod.o)
                              build/m_fixed.o (__aeabi_ldivmod)
/usr/lib/gcc/arm-none-eabi/10.3.1/libgcc.a(_udivmoddi4.o)
                              /usr/lib/gcc/arm-none-eabi/10.3.1/libgcc.a(_aeabi_ldivmod.o) (__udivmoddi4)
/usr/lib/gcc/arm-none-eabi/10.3.1/libgcc.a(_clzdi2.o)
                              /usr/lib/gcc/arm-none-eabi/10.3.1/libgcc.a(_udivmoddi4.o) (__clzdi2)
/usr/lib/gcc/arm-none-eabi/10.3.1/libgcc.a(_clzsi2.o)
                              /usr/lib/gcc/arm-none-eabi/10.3.1/libgcc.a(_clzdi2.o) (__clzsi2)
/usr/lib/gcc/arm-none-eabi/10.3.1/../../../arm-none-eabi/lib/libg.a(lib_a-atexit.o)
                              /usr/lib/gcc/arm-none-eabi/10.3.1/../../../arm-none-eabi/lib/crt0.o (atexit)
/usr/lib/gcc/arm-none-eabi/10.3.1/../../../arm-none-eabi/lib/libg.a(lib_a-atof.o)
                              build/m_config.o (atof)
/usr/lib/gcc/arm-none-eabi/10.3.1/../../../arm-none-eabi/lib/libg.a(lib_a-atoi.o)
                              build/d_main.o (atoi)
/usr/lib/gcc/arm-none-eabi/10.3.1/../../../arm-none-eabi/lib/libg.a(lib_a-calloc.o)
                              build/w_wad.o (calloc)
/usr/lib/gcc/arm-none-eabi/10.3.1/../../../arm-none-eabi/lib/libg.a(lib_a-callocr.o)
                              /usr/lib/gcc/arm-none-eabi/10.3.1/../../../arm-none-eabi/lib/libg.a(lib_a-calloc.o) (_calloc_r)
/usr/lib/gcc/arm-none-eabi/10.3.1/../../../arm-none-eabi/lib/libg.a(lib_a-ctype_.o)
                              build/d_main.o (_ctype_)
/usr/lib/gcc/arm-none-eabi/10.3.1/../../../arm-none-eabi/lib/libg.a(lib_a-errno.o)
                              build/m_misc.o (__errno)
/usr/lib/gcc/arm-none-eabi/10.3.1/../../../arm-none-eabi/lib/libg.a(lib_a-exit.o)
                              /usr/lib/gcc/arm-none-eabi/10.3.1/../../../arm-none-eabi/lib/crt0.o (exit)
/usr/lib/gcc/arm-none-eabi/10.3.1/../../../arm-none-eabi/lib/libg.a(lib_a-fclose.o)
                              build/g_game.o (fclose)
/usr/lib/gcc/arm-none-eabi/10.3.1/../../../arm-none-eabi/lib/libg.a(lib_a-fflush.o)
                              /usr/lib/gcc/arm-none-eabi/10.3.1/../../../arm-none-eabi/lib/libg.a(lib_a-fclose.o) (__sflush_r)
/usr/lib/gcc/arm-none-eabi/10.3.1/../../../arm-none-eabi/lib/libg.a(lib_a-findfp.o)
                              /usr/lib/gcc/arm-none-eabi/10.3.1/../../../arm-none-eabi/lib/libg.a(lib_a-fclose.o) (__sinit)
/usr/lib/gcc/arm-none-eabi/10.3.1/../../../arm-none-eabi/lib/libg.a(lib_a-fini.o)
                              /usr/lib/gcc/arm-none-eabi/10.3.1/../../../arm-none-eabi/lib/crt0.o (__libc_fini_array)
/usr/lib/gcc/arm-none-eabi/10.3.1/../../../arm-none-eabi/lib/libg.a(lib_a-fopen.o)
                              build/g_game.o (fopen)
/usr/lib/gcc/arm-none-eabi/10.3.1/../../../arm-none-eabi/lib/libg.a(lib_a-fprintf.o)
                              build/am_map.o (fprintf)
/usr/lib/gcc/arm-none-eabi/10.3.1/../../../arm-none-eabi/lib/libg.a(lib_a-fread.o)
                              build/m_menu.o (fread)
/usr/lib/gcc/arm-none-eabi/10.3.1/../../../arm-none-eabi/lib/libg.a(lib_a-freer.o)
                              /usr/lib/gcc/arm-none-eabi/10.3.1/../../../arm-none-eabi/lib/libg.a(lib_a-fclose.o) (_free_r)
/usr/lib/gcc/arm-none-eabi/10.3.1/../../../arm-none-eabi/lib/libg.a(lib_a-fseek.o)
                              /usr/lib/gcc/arm-none-eabi/10.3.1/../../../arm-none-eabi/lib/libg.a(lib_a-fopen.o) (_fseek_r)
/usr/lib/gcc/arm-none-eabi/10.3.1/../../../arm-none-eabi/lib/libg.a(lib_a-fseeko.o)
                              /usr/lib/gcc/arm-none-eabi/10.3.1/../../../arm-none-eabi/lib/libg.a(lib_a-fseek.o) (_fseeko_r)
[...]
Memory Configuration

Name             Origin             Length             Attributes
*default*        0x0000000000000000 0xffffffffffffffff

Linker script and memory map

LOAD /usr/lib/gcc/arm-none-eabi/10.3.1/crti.o
LOAD /usr/lib/gcc/arm-none-eabi/10.3.1/crtbegin.o
LOAD /usr/lib/gcc/arm-none-eabi/10.3.1/../../../arm-none-eabi/lib/crt0.o
LOAD ts.o
LOAD build/dummy.o
LOAD build/am_map.o
LOAD build/doomdef.o
LOAD build/doomstat.o
LOAD build/dstrings.o
LOAD build/d_event.o
LOAD build/d_items.o
LOAD build/d_iwad.o
LOAD build/d_loop.o
LOAD build/d_main.o
LOAD build/d_mode.o
LOAD build/d_net.o
LOAD build/f_finale.o
LOAD build/f_wipe.o
LOAD build/g_game.o
LOAD build/hu_lib.o
LOAD build/hu_stuff.o
LOAD build/info.o
LOAD build/i_cdmus.o
LOAD build/i_endoom.o
LOAD build/i_joystick.o
LOAD build/i_scale.o
LOAD build/i_sound.o
LOAD build/i_system.o
LOAD build/i_timer.o
LOAD build/memio.o
LOAD build/m_argv.o
LOAD build/m_bbox.o
LOAD build/m_cheat.o
LOAD build/m_config.o
LOAD build/m_controls.o
LOAD build/m_fixed.o
LOAD build/m_menu.o
LOAD build/m_misc.o
LOAD build/m_random.o
LOAD build/p_ceilng.o
LOAD build/p_doors.o
LOAD build/p_enemy.o
LOAD build/p_floor.o
LOAD build/p_inter.o
LOAD build/p_lights.o
LOAD build/p_map.o
LOAD build/p_maputl.o
LOAD build/p_mobj.o
LOAD build/p_plats.o
LOAD build/p_pspr.o
LOAD build/p_saveg.o
LOAD build/p_setup.o
LOAD build/p_sight.o
LOAD build/p_spec.o
LOAD build/p_switch.o
LOAD build/p_telept.o
LOAD build/p_tick.o
LOAD build/p_user.o
LOAD build/r_bsp.o
LOAD build/r_data.o
LOAD build/r_draw.o
LOAD build/r_main.o
LOAD build/r_plane.o
LOAD build/r_segs.o
LOAD build/r_sky.o
LOAD build/r_things.o
LOAD build/sha1.o
LOAD build/sounds.o
LOAD build/statdump.o
LOAD build/st_lib.o
LOAD build/st_stuff.o
LOAD build/s_sound.o
LOAD build/tables.o
LOAD build/v_video.o
LOAD build/wi_stuff.o
LOAD build/w_checksum.o
LOAD build/w_file.o
LOAD build/w_main.o
LOAD build/w_wad.o
LOAD build/z_zone.o
LOAD build/w_file_stdc.o
LOAD build/i_input.o
LOAD build/i_video.o
LOAD build/doomgeneric.o
LOAD build/doomgeneric_versatilepb.o
LOAD build/t.o
START GROUP
LOAD /usr/lib/gcc/arm-none-eabi/10.3.1/libgcc.a
LOAD /usr/lib/gcc/arm-none-eabi/10.3.1/../../../arm-none-eabi/lib/libg.a
LOAD /usr/lib/gcc/arm-none-eabi/10.3.1/../../../arm-none-eabi/lib/libc.a
END GROUP
START GROUP
LOAD /usr/lib/gcc/arm-none-eabi/10.3.1/libgcc.a
LOAD /usr/lib/gcc/arm-none-eabi/10.3.1/../../../arm-none-eabi/lib/libc.a
LOAD /usr/lib/gcc/arm-none-eabi/10.3.1/../../../arm-none-eabi/lib/libnosys.a
END GROUP
LOAD /usr/lib/gcc/arm-none-eabi/10.3.1/crtend.o
LOAD /usr/lib/gcc/arm-none-eabi/10.3.1/crtn.o
                0x0000000000010000                . = 0x10000

.text           0x0000000000010000    0x751b4
 ts.o()
 .text          0x0000000000010000       0xcc ts.o
                0x0000000000010000                reset
                0x0000000000010060                int_on
                0x0000000000010070                int_off
                0x0000000000010080                vectors_start
                0x00000000000100bc                vectors_end
 .data          0x00000000000100cc        0x0 ts.o
 .bss           0x00000000000100cc        0x0 ts.o
 .debug_line    0x00000000000100cc       0x64 ts.o
 .debug_info    0x0000000000010130       0x26 ts.o
 .debug_abbrev  0x0000000000010156       0x14 ts.o
 *fill*         0x000000000001016a        0x6 
 .debug_aranges
                0x0000000000010170       0x20 ts.o
 .debug_str     0x0000000000010190       0x4f ts.o
 .ARM.attributes
                0x00000000000101df       0x22 ts.o
 *(.text)
 .text          0x0000000000010201        0x0 /usr/lib/gcc/arm-none-eabi/10.3.1/crti.o
 *fill*         0x0000000000010201        0x3 
 .text          0x0000000000010204       0xdc /usr/lib/gcc/arm-none-eabi/10.3.1/crtbegin.o
 .text          0x00000000000102e0      0x128 /usr/lib/gcc/arm-none-eabi/10.3.1/../../../arm-none-eabi/lib/crt0.o
                0x00000000000102e0                _stack_init
                0x0000000000010368                _mainCRTStartup
                0x0000000000010368                _start
 .text          0x0000000000010408       0x18 build/dummy.o
                0x0000000000010408                I_InitTimidityConfig
 .text          0x0000000000010420     0x340c build/am_map.o
                0x0000000000010420                AM_getIslope
                0x0000000000010504                AM_activateNewScale
                0x0000000000010688                AM_saveScaleAndLoc
                0x0000000000010700                AM_restoreScaleAndLoc
                0x0000000000010894                AM_addMark
                0x0000000000010974                AM_findMinMaxBoundaries
                0x0000000000010c2c                AM_changeWindowLoc
                0x0000000000010eb8                AM_initVariables
                0x0000000000011178                AM_loadPics
                0x00000000000111f8                AM_unloadPics
                0x0000000000011260                AM_clearMarks
                0x00000000000112c4                AM_LevelInit
                0x00000000000113c4                AM_Stop
                0x000000000001140c                AM_Start
                0x00000000000114b4                AM_minOutWindowScale
                0x000000000001150c                AM_maxOutWindowScale
                0x0000000000011564                AM_Responder
                0x0000000000011bfc                AM_changeWindowScale
                0x0000000000011cb4                AM_doFollowPlayer
                0x0000000000011e74                AM_updateLightLev
                0x0000000000011f40                AM_Ticker
                0x0000000000011fe0                AM_clearFB
                0x0000000000012034                AM_clipMline
                0x0000000000012714                AM_drawFline
                0x0000000000012980                AM_drawMline
                0x00000000000129cc                AM_drawGrid
                0x0000000000012bd8                AM_drawWalls
                0x0000000000012f64                AM_rotate
                0x0000000000013064                AM_drawLineCharacter
                0x0000000000013230                AM_drawPlayers
                0x000000000001346c                AM_drawThings
                0x0000000000013564                AM_drawMarks
                0x0000000000013708                AM_drawCrosshair
                0x0000000000013770                AM_Drawer
 .text          0x000000000001382c        0x0 build/doomdef.o
 .text          0x000000000001382c        0x0 build/doomstat.o
 .text          0x000000000001382c        0x0 build/dstrings.o
 .text          0x000000000001382c      0x11c build/d_event.o
                0x000000000001382c                D_PostEvent
                0x00000000000138b4                D_PopEvent
 .text          0x0000000000013948        0x0 build/d_items.o
 .text          0x0000000000013948      0xa90 build/d_iwad.o
                0x0000000000013d94                D_FindWADByName
                0x0000000000013eb4                D_TryFindWADByName
                0x0000000000013ef8                D_FindIWAD
                0x0000000000014024                D_FindAllIWADs
                0x0000000000014158                D_SaveGameIWADName
                0x0000000000014200                D_SuggestIWADName
                0x00000000000142e4                D_SuggestGameName
 .text          0x00000000000143d8      0xde8 build/d_loop.o
                0x000000000001467c                NetUpdate
                0x00000000000147dc                D_ReceiveTic
                0x0000000000014930                D_StartGameLoop
                0x000000000001497c                D_StartNetGame
                0x0000000000014a1c                D_InitNetGame
                0x0000000000014a6c                D_QuitNetGame
                0x0000000000014dec                TryRunTics
                0x0000000000015190                D_RegisterLoopCallbacks
 .text          0x00000000000151c0     0x2754 build/d_main.o
                0x00000000000151c0                D_ProcessEvents
                0x000000000001522c                D_Display
                0x00000000000157a0                D_BindVariables
                0x0000000000015944                D_GrabMouseCallback
                0x00000000000159f0                doomgeneric_Tick
                0x0000000000015a64                D_DoomLoop
                0x0000000000015b68                D_PageTicker
                0x0000000000015bac                D_PageDrawer
                0x0000000000015bf0                D_AdvanceDemo
                0x0000000000015c18                D_DoAdvanceDemo
                0x0000000000015f50                D_StartTitle
                0x0000000000016254                D_IdentifyVersion
                0x0000000000016460                D_SetGameDescription
                0x000000000001673c                PrintDehackedBanners
                0x0000000000016b38                PrintGameVersion
                0x0000000000016c9c                D_DoomMain
 .text          0x0000000000017914      0x50c build/d_mode.o
                0x0000000000017914                D_ValidGameMode
                0x00000000000179d4                D_ValidEpisodeMap
                0x0000000000017b94                D_GetNumEpisodes
                0x0000000000017c04                D_ValidGameVersion
                0x0000000000017ce4                D_IsEpisodeMap
                0x0000000000017d54                D_GameMissionString
 .text          0x0000000000017e20      0x7c4 build/d_net.o
                0x0000000000018400                D_ConnectNetGame
                0x0000000000018468                D_CheckNetGame
 .text          0x00000000000185e4     0x1b10 build/f_finale.o
                0x00000000000185e4                F_StartFinale
                0x0000000000018820                F_Responder
                0x0000000000018868                F_Ticker
                0x0000000000018a18                F_TextWrite
                0x0000000000018c98                F_StartCast
                0x0000000000018db8                F_CastTicker
                0x0000000000019730                F_CastResponder
                0x00000000000198e0                F_CastPrint
                0x0000000000019b18                F_CastDrawer
                0x0000000000019c40                F_DrawPatchCol
                0x0000000000019d8c                F_BunnyScroll
                0x000000000001a094                F_Drawer
 .text          0x000000000001a0f4      0xb58 build/f_wipe.o
                0x000000000001a0f4                wipe_shittyColMajorXform
                0x000000000001a200                wipe_initColorXForm
                0x000000000001a258                wipe_doColorXForm
                0x000000000001a400                wipe_exitColorXForm
                0x000000000001a42c                wipe_initMelt
                0x000000000001a634                wipe_doMelt
                0x000000000001a9c4                wipe_exitMelt
                0x000000000001aa2c                wipe_StartScreen
                0x000000000001aa8c                wipe_EndScreen
                0x000000000001ab10                wipe_ScreenWipe
 .text          0x000000000001ac4c     0x5294 build/g_game.o
                0x000000000001ac4c                G_CmdChecksum
                0x000000000001afe0                G_BuildTiccmd
                0x000000000001be54                G_DoLoadLevel
                0x000000000001c3f4                G_Responder
                0x000000000001c880                G_Ticker
                0x000000000001cf54                G_InitPlayer
                0x000000000001cf7c                G_PlayerFinishLevel
                0x000000000001d044                G_PlayerReborn
                0x000000000001d2ec                G_CheckSpot
                0x000000000001d80c                G_DeathMatchSpawnPlayer
                0x000000000001d9c8                G_DoReborn
                0x000000000001dc4c                G_ScreenShot
                0x000000000001dc74                G_ExitLevel
                0x000000000001dcac                G_SecretExitLevel
                0x000000000001dd20                G_DoCompleted
                0x000000000001e404                G_WorldDone
                0x000000000001e538                G_DoWorldDone
                0x000000000001e5a0                G_LoadGame
                0x000000000001e5e4                G_DoLoadGame
                0x000000000001e71c                G_SaveGame
                0x000000000001e774                G_DoSaveGame
                0x000000000001e94c                G_DeferedInitNew
                0x000000000001e9b8                G_DoNewGame
                0x000000000001eabc                G_InitNew
                0x000000000001ef60                G_ReadDemoTiccmd
                0x000000000001f194                G_WriteDemoTiccmd
                0x000000000001f33c                G_RecordDemo
                0x000000000001f468                G_VanillaVersionCode
                0x000000000001f4d0                G_BeginRecording
                0x000000000001f744                G_DeferedPlayDemo
                0x000000000001f8b4                G_DoPlayDemo
                0x000000000001fbdc                G_TimeDemo
                0x000000000001fc5c                G_CheckDemoStatus
 .text          0x000000000001fee0      0xd40 build/hu_lib.o
                0x000000000001fee0                HUlib_init
                0x000000000001fef8                HUlib_clearTextLine
                0x000000000001ff3c                HUlib_initTextLine
                0x000000000001ffa0                HUlib_addCharToTextLine
                0x000000000002002c                HUlib_delCharFromTextLine
                0x00000000000200a0                HUlib_drawTextLine
                0x00000000000202e0                HUlib_eraseTextLine
                0x000000000002048c                HUlib_initSText
                0x0000000000020588                HUlib_addLineToSText
                0x0000000000020670                HUlib_addMessageToSText
                0x0000000000020758                HUlib_drawSText
                0x0000000000020824                HUlib_eraseSText
                0x0000000000020904                HUlib_initIText
                0x0000000000020970                HUlib_delCharFromIText
                0x00000000000209b4                HUlib_eraseLineFromIText
                0x0000000000020a00                HUlib_resetIText
                0x0000000000020a38                HUlib_addPrefixToIText
                0x0000000000020a9c                HUlib_keyInIText
                0x0000000000020b64                HUlib_drawIText
                0x0000000000020bb0                HUlib_eraseIText
 .text          0x0000000000020c20      0xe40 build/hu_stuff.o
                0x0000000000020c20                HU_Init
                0x0000000000020cb0                HU_Stop
                0x0000000000020cd8                HU_Start
                0x0000000000021028                HU_Drawer
                0x000000000002107c                HU_Erase
                0x00000000000210b8                HU_Ticker
                0x000000000002147c                HU_queueChatChar
                0x0000000000021514                HU_dequeueChatChar
                0x0000000000021590                HU_Responder
 .text          0x0000000000021a60        0x0 build/info.o
 .text          0x0000000000021a60      0x120 build/i_cdmus.o
                0x0000000000021a60                I_CDMusInit
                0x0000000000021a7c                I_CDMusPrintStartup
                0x0000000000021a94                I_CDMusPlay
                0x0000000000021ab8                I_CDMusStop
                0x0000000000021ad4                I_CDMusResume
                0x0000000000021af0                I_CDMusSetVolume
                0x0000000000021b24                I_CDMusFirstTrack
                0x0000000000021b40                I_CDMusLastTrack
                0x0000000000021b5c                I_CDMusTrackLength
 .text          0x0000000000021b80       0x20 build/i_endoom.o
                0x0000000000021b80                I_Endoom
 .text          0x0000000000021ba0      0x168 build/i_joystick.o
                0x0000000000021ba0                I_ShutdownJoystick
                0x0000000000021bb8                I_InitJoystick
                0x0000000000021bd0                I_UpdateJoystick
                0x0000000000021be8                I_BindJoystickVariables
 .text          0x0000000000021d08     0x3d94 build/i_scale.o
                0x0000000000021d08                I_InitScale
                0x0000000000022edc                I_ResetScaleTables
 .text          0x0000000000025a9c      0x9c8 build/i_sound.o
                0x0000000000025c10                I_InitSound
                0x0000000000025cfc                I_ShutdownSound
                0x0000000000025d64                I_GetSfxLumpNum
                0x0000000000025dbc                I_UpdateSound
                0x0000000000025ed4                I_UpdateSoundParams
                0x0000000000025f44                I_StartSound
                0x0000000000025fc8                I_StopSound
                0x0000000000026014                I_SoundIsPlaying
                0x000000000002606c                I_PrecacheSounds
                0x00000000000260d4                I_InitMusic
                0x0000000000026114                I_ShutdownMusic
                0x000000000002612c                I_SetMusicVolume
                0x0000000000026178                I_PauseSong
                0x00000000000261b8                I_ResumeSong
                0x00000000000261f8                I_RegisterSong
                0x0000000000026258                I_UnRegisterSong
                0x00000000000262a4                I_PlaySong
                0x00000000000262f8                I_StopSong
                0x0000000000026338                I_MusicIsPlaying
                0x0000000000026384                I_BindSoundVariables
 .text          0x0000000000026464      0xa54 build/i_system.o
                0x0000000000026464                I_AtExit
                0x00000000000264d0                I_Tactile
                0x000000000002659c                I_ZoneBase
                0x0000000000026658                I_PrintBanner
                0x00000000000266c8                I_PrintDivider
                0x0000000000026718                I_PrintStartupBanner
                0x0000000000026758                I_ConsoleStdout
                0x0000000000026774                I_Quit
                0x00000000000269d4                I_Error
                0x0000000000026b54                I_GetMemoryValue
 .text          0x0000000000026eb8      0x160 build/i_timer.o
                0x0000000000026eb8                I_GetTicks
                0x0000000000026ed8                I_GetTime
                0x0000000000026f5c                I_GetTimeMS
                0x0000000000026fb4                I_Sleep
                0x0000000000026fe0                I_WaitVBL
                0x0000000000027000                I_InitTimer
 .text          0x0000000000027018      0x4c4 build/memio.o
                0x0000000000027018                mem_fopen_read
                0x0000000000027084                mem_fread
                0x000000000002717c                mem_fopen_write
                0x0000000000027204                mem_fwrite
                0x0000000000027350                mem_get_buf
                0x0000000000027398                mem_fclose
                0x00000000000273e0                mem_ftell
                0x0000000000027408                mem_fseek
 .text          0x00000000000274dc      0x208 build/m_argv.o
                0x00000000000274dc                M_CheckParmWithArgs
                0x0000000000027578                M_ParmExists
                0x00000000000275b4                M_CheckParm
                0x0000000000027604                M_FindResponseFile
                0x0000000000027684                M_GetExecutableName
 .text          0x00000000000276e4      0x124 build/m_bbox.o
                0x00000000000276e4                M_ClearBox
                0x0000000000027740                M_AddToBox
 .text          0x0000000000027808      0x1b0 build/m_cheat.o
                0x0000000000027808                cht_CheckCheat
                0x0000000000027978                cht_GetParam
 .text          0x00000000000279b8      0x8cc build/m_config.o
                0x0000000000027c50                M_SetConfigFilenames
                0x0000000000027c94                M_SaveDefaults
                0x0000000000027cc4                M_SaveDefaultsAlternate
                0x0000000000027d3c                M_LoadDefaults
                0x0000000000027f1c                M_BindVariable
                0x0000000000027f64                M_SetVariable
                0x0000000000027fc8                M_GetIntVariable
                0x0000000000028044                M_GetStrVariable
                0x00000000000280b0                M_GetFloatVariable
                0x0000000000028168                M_SetConfigDir
                0x00000000000281f4                M_GetSaveGameDir
 .text          0x0000000000028284      0xa94 build/m_controls.o
                0x0000000000028284                M_BindBaseControls
                0x00000000000284b8                M_BindHereticControls
                0x0000000000028584                M_BindHexenControls
                0x0000000000028678                M_BindStrifeControls
                0x000000000002881c                M_BindWeaponControls
                0x000000000002894c                M_BindMapControls
                0x0000000000028a54                M_BindMenuControls
                0x0000000000028c60                M_BindChatControls
                0x0000000000028d00                M_ApplyPlatformDefaults
 .text          0x0000000000028d18      0x134 build/m_fixed.o
                0x0000000000028d18                FixedMul
                0x0000000000028d90                FixedDiv
 .text          0x0000000000028e4c     0x3ac4 build/m_menu.o
                0x0000000000028e4c                M_ReadSaveStrings
                0x0000000000028f88                M_DrawLoad
                0x000000000002906c                M_DrawSaveLoadBorder
                0x000000000002914c                M_LoadSelect
                0x0000000000029198                M_LoadGame
                0x00000000000291f0                M_DrawSave
                0x0000000000029354                M_DoSave
                0x00000000000293c4                M_SaveSelect
                0x00000000000294cc                M_SaveGame
                0x0000000000029540                M_QuickSaveResponse
                0x0000000000029598                M_QuickSave
                0x0000000000029674                M_QuickLoadResponse
                0x00000000000296cc                M_QuickLoad
                0x0000000000029788                M_DrawReadThis1
                0x00000000000298e0                M_DrawReadThis2
                0x000000000002992c                M_DrawSound
                0x00000000000299c4                M_Sound
                0x00000000000299f0                M_SfxVol
                0x0000000000029aa0                M_MusicVol
                0x0000000000029b50                M_DrawMainMenu
                0x0000000000029b8c                M_DrawNewGame
                0x0000000000029bec                M_NewGame
                0x0000000000029c8c                M_DrawEpisode
                0x0000000000029cc8                M_VerifyNightmare
                0x0000000000029d28                M_ChooseSkill
                0x0000000000029d98                M_Episode
                0x0000000000029e5c                M_DrawOptions
                0x0000000000029f94                M_Options
                0x0000000000029fc0                M_ChangeMessages
                0x000000000002a09c                M_EndGameResponse
                0x000000000002a0fc                M_EndGame
                0x000000000002a188                M_ReadThis
                0x000000000002a1bc                M_ReadThis2
                0x000000000002a228                M_FinishReadThis
                0x000000000002a25c                M_QuitResponse
                0x000000000002a3bc                M_QuitDOOM
                0x000000000002a410                M_ChangeSensitivity
                0x000000000002a4ac                M_ChangeDetail
                0x000000000002a598                M_SizeDisplay
                0x000000000002a680                M_DrawThermo
                0x000000000002a798                M_DrawEmptyCell
                0x000000000002a808                M_DrawSelCell
                0x000000000002a878                M_StartMessage
                0x000000000002a908                M_StopMessage
                0x000000000002a94c                M_StringWidth
                0x000000000002aa60                M_StringHeight
                0x000000000002ab14                M_WriteText
                0x000000000002ace4                M_Responder
                0x000000000002c188                M_StartControlPanel
                0x000000000002c1f0                M_Drawer
                0x000000000002c63c                M_ClearMenus
                0x000000000002c664                M_SetupNextMenu
                0x000000000002c6ac                M_Ticker
                0x000000000002c730                M_Init
 .text          0x000000000002c910      0xbfc build/m_misc.o
                0x000000000002c910                M_MakeDirectory
                0x000000000002c940                M_FileExists
                0x000000000002c9ac                M_FileLength
                0x000000000002ca08                M_WriteFile
                0x000000000002ca98                M_ReadFile
                0x000000000002cb5c                M_TempFile
                0x000000000002cba4                M_StrToInt
                0x000000000002cc54                M_ExtractFileBase
                0x000000000002cd9c                M_ForceUppercase
                0x000000000002ce34                M_StrCaseStr
                0x000000000002cefc                M_StringDuplicate
                0x000000000002cf58                M_StringReplace
                0x000000000002d10c                M_StringCopy
                0x000000000002d1a4                M_StringConcat
                0x000000000002d218                M_StringStartsWith
                0x000000000002d290                M_StringEndsWith
                0x000000000002d31c                M_StringJoin
                0x000000000002d420                M_vsnprintf
                0x000000000002d4bc                M_snprintf
 .text          0x000000000002d50c       0xcc build/m_random.o
                0x000000000002d50c                P_Random
                0x000000000002d554                M_Random
                0x000000000002d59c                M_ClearRandom
 .text          0x000000000002d5d8      0x7dc build/p_ceilng.o
                0x000000000002d5d8                T_MoveCeiling
                0x000000000002d898                EV_DoCeiling
                0x000000000002dae4                P_AddActiveCeiling
                0x000000000002db50                P_RemoveActiveCeiling
                0x000000000002dbf4                P_ActivateInStasisCeiling
                0x000000000002dcc4                EV_CeilingCrushStop
 .text          0x000000000002ddb4      0xf24 build/p_doors.o
                0x000000000002ddb4                T_VerticalDoor
                0x000000000002e170                EV_DoLockedDoor
                0x000000000002e3a0                EV_DoDoor
                0x000000000002e6a8                EV_VerticalDoor
                0x000000000002eb50                P_SpawnDoorCloseIn30
                0x000000000002ebf8                P_SpawnDoorRaiseIn5Mins
 .text          0x000000000002ecd8     0x3fd0 build/p_enemy.o
                0x000000000002ecd8                P_RecursiveSound
                0x000000000002eedc                P_NoiseAlert
                0x000000000002ef40                P_CheckMeleeRange
                0x000000000002f00c                P_CheckMissileRange
                0x000000000002f1f4                P_Move
                0x000000000002f42c                P_TryWalk
                0x000000000002f480                P_NewChaseDir
                0x000000000002f834                P_LookForPlayers
                0x000000000002fa1c                A_KeenDie
                0x000000000002faf4                A_Look
                0x000000000002fccc                A_Chase
                0x00000000000300b4                A_FaceTarget
                0x0000000000030178                A_PosAttack
                0x0000000000030268                A_SPosAttack
                0x000000000003037c                A_CPosAttack
                0x000000000003046c                A_CPosRefire
                0x000000000003050c                A_SpidRefire
                0x00000000000305ac                A_BspiAttack
                0x0000000000030600                A_TroopAttack
                0x00000000000306bc                A_SargAttack
                0x0000000000030764                A_HeadAttack
                0x0000000000030830                A_CyberAttack
                0x0000000000030884                A_BruisAttack
                0x000000000003093c                A_SkelMissile
                0x0000000000030a04                A_Tracer
                0x0000000000030d44                A_SkelWhoosh
                0x0000000000030d8c                A_SkelFist
                0x0000000000030e4c                PIT_VileCheck
                0x0000000000030fe8                A_VileChase
                0x0000000000031280                A_VileStart
                0x00000000000312ac                A_StartFire
                0x00000000000312e0                A_FireCrackle
                0x0000000000031314                A_Fire
                0x0000000000031428                A_VileTarget
                0x00000000000314c4                A_VileAttack
                0x0000000000031634                A_FatRaise
                0x0000000000031668                A_FatAttack1
                0x0000000000031770                A_FatAttack2
                0x0000000000031878                A_FatAttack3
                0x00000000000319fc                A_SkullAttack
                0x0000000000031b84                A_PainShootSkull
                0x0000000000031d5c                A_PainAttack
                0x0000000000031dac                A_PainDie
                0x0000000000031e1c                A_Scream
                0x0000000000031f20                A_XScream
                0x0000000000031f4c                A_Pain
                0x0000000000031f98                A_Fall
                0x0000000000031fcc                A_Explode
                0x0000000000032194                A_BossDeath
                0x0000000000032464                A_Hoof
                0x0000000000032498                A_Metal
                0x00000000000324cc                A_BabyMetal
                0x0000000000032500                A_OpenShotgun2
                0x0000000000032538                A_LoadShotgun2
                0x0000000000032570                A_CloseShotgun2
                0x00000000000325b4                A_BrainAwake
                0x00000000000326a0                A_BrainPain
                0x00000000000326cc                A_BrainScream
                0x00000000000327d0                A_BrainExplode
                0x00000000000328b0                A_BrainDie
                0x00000000000328d4                A_BrainSpit
                0x0000000000032a08                A_SpawnSound
                0x0000000000032a3c                A_SpawnFly
                0x0000000000032c48                A_PlayerScream
 .text          0x0000000000032ca8     0x1058 build/p_floor.o
                0x0000000000032ca8                T_MovePlane
                0x0000000000033084                T_MoveFloor
                0x0000000000033214                EV_DoFloor
                0x0000000000033954                EV_BuildStairs
 .text          0x0000000000033d00     0x1e9c build/p_inter.o
                0x0000000000033d00                P_GiveAmmo
                0x0000000000033fcc                P_GiveWeapon
                0x0000000000034284                P_GiveBody
                0x000000000003430c                P_GiveArmor
                0x0000000000034388                P_GiveCard
                0x00000000000343fc                P_GivePower
                0x000000000003458c                P_TouchSpecialThing
                0x00000000000351c8                P_KillMobj
                0x00000000000355a8                P_DamageMobj
 .text          0x0000000000035b9c      0xa5c build/p_lights.o
                0x0000000000035b9c                T_FireFlicker
                0x0000000000035c88                P_SpawnFireFlicker
                0x0000000000035d34                T_LightFlash
                0x0000000000035e18                P_SpawnLightFlash
                0x0000000000035eec                T_StrobeFlash
                0x0000000000035fb0                P_SpawnStrobeFlash
                0x00000000000360c4                EV_StartLightStrobing
                0x0000000000036164                EV_TurnTagLightsOff
                0x000000000003629c                EV_LightTurnOn
                0x00000000000363d8                T_Glow
                0x0000000000036550                P_SpawnGlowingLight
 .text          0x00000000000365f8     0x2cf4 build/p_map.o
                0x00000000000365f8                PIT_StompThing
                0x0000000000036724                P_TeleportMove
                0x00000000000369dc                PIT_CheckLine
                0x0000000000036c1c                PIT_CheckThing
                0x0000000000037028                P_CheckPosition
                0x000000000003739c                P_TryMove
                0x0000000000037630                P_ThingHeightClip
                0x0000000000037748                P_HitSlideLine
                0x0000000000037914                PTR_SlideTraverse
                0x0000000000037abc                P_SlideMove
                0x0000000000037f04                PTR_AimTraverse
                0x0000000000038244                PTR_ShootTraverse
                0x00000000000387cc                P_AimLineAttack
                0x0000000000038940                P_LineAttack
                0x0000000000038a74                PTR_UseTraverse
                0x0000000000038b58                P_UseLines
                0x0000000000038c34                PIT_RadiusAttack
                0x0000000000038d9c                P_RadiusAttack
                0x0000000000038f04                PIT_ChangeSector
                0x00000000000390a8                P_ChangeSector
 .text          0x00000000000392ec     0x1b4c build/p_maputl.o
                0x00000000000392ec                P_AproxDistance
                0x0000000000039374                P_PointOnLineSide
                0x00000000000394d0                P_BoxOnLineSide
                0x00000000000396f4                P_PointOnDivlineSide
                0x00000000000398a4                P_MakeDivline
                0x0000000000039910                P_InterceptVector
                0x0000000000039a14                P_LineOpening
                0x0000000000039b2c                P_UnsetThingPosition
                0x0000000000039ce4                P_SetThingPosition
                0x0000000000039ecc                P_BlockLinesIterator
                0x000000000003a034                P_BlockThingsIterator
                0x000000000003a124                PIT_AddLineIntercepts
                0x000000000003a364                PIT_AddThingIntercepts
                0x000000000003a5c0                P_TraverseIntercepts
                0x000000000003a974                P_PathTraverse
 .text          0x000000000003ae38     0x2648 build/p_mobj.o
                0x000000000003ae38                P_SetMobjState
                0x000000000003af2c                P_ExplodeMissile
                0x000000000003b040                P_XYMovement
                0x000000000003b570                P_ZMovement
                0x000000000003b998                P_NightmareRespawn
                0x000000000003bb94                P_MobjThinker
                0x000000000003bd48                P_SpawnMobj
                0x000000000003bf90                P_RemoveMobj
                0x000000000003c0bc                P_RespawnSpecials
                0x000000000003c38c                P_SpawnPlayer
                0x000000000003c714                P_SpawnMapThing
                0x000000000003cd58                P_SpawnPuff
                0x000000000003ce24                P_SpawnBlood
                0x000000000003cf14                P_CheckMissileSpawn
                0x000000000003d000                P_SubstNullMobj
                0x000000000003d06c                P_SpawnMissile
                0x000000000003d288                P_SpawnPlayerMissile
 .text          0x000000000003d480      0xa08 build/p_plats.o
                0x000000000003d480                T_PlatRaise
                0x000000000003d740                EV_DoPlat
                0x000000000003dbbc                P_ActivateInStasis
                0x000000000003dc88                EV_StopPlat
                0x000000000003dd68                P_AddActivePlat
                0x000000000003dde0                P_RemoveActivePlat
 .text          0x000000000003de88     0x1c20 build/p_pspr.o
                0x000000000003de88                P_SetPsprite
                0x000000000003dfc0                P_CalcSwing
                0x000000000003e0b4                P_BringUpWeapon
                0x000000000003e178                P_CheckAmmo
                0x000000000003e430                P_FireWeapon
                0x000000000003e4e0                P_DropWeapon
                0x000000000003e548                A_WeaponReady
                0x000000000003e75c                A_ReFire
                0x000000000003e7ec                A_CheckReload
                0x000000000003e818                A_Lower
                0x000000000003e8c0                A_Raise
                0x000000000003e960                A_GunFlash
                0x000000000003e9e0                A_Punch
                0x000000000003eb50                A_Saw
                0x000000000003ee38                A_FireMissile
                0x000000000003eeac                A_FireBFG
                0x000000000003ef20                A_FirePlasma
                0x000000000003f000                P_BulletSlope
                0x000000000003f0c0                P_GunShot
                0x000000000003f18c                A_FirePistol
                0x000000000003f294                A_FireShotgun
                0x000000000003f3ac                A_FireShotgun2
                0x000000000003f574                A_FireCGun
                0x000000000003f720                A_Light0
                0x000000000003f750                A_Light1
                0x000000000003f780                A_Light2
                0x000000000003f7b0                A_BFGSpray
                0x000000000003f918                A_BFGsound
                0x000000000003f950                P_SetupPsprites
                0x000000000003f9c4                P_MovePsprites
 .text          0x000000000003faa8     0x3564 build/p_saveg.o
                0x000000000003faa8                P_TempSaveGameFile
                0x000000000003fb08                P_SaveGameFile
                0x0000000000041eac                P_WriteSaveGameHeader
                0x0000000000042074                P_ReadSaveGameHeader
                0x0000000000042230                P_ReadSaveGameEOF
                0x000000000004226c                P_WriteSaveGameEOF
                0x000000000004228c                P_ArchivePlayers
                0x0000000000042324                P_UnArchivePlayers
                0x0000000000042448                P_ArchiveWorld
                0x00000000000426b4                P_UnArchiveWorld
                0x0000000000042944                P_ArchiveThinkers
                0x00000000000429c8                P_UnArchiveThinkers
                0x0000000000042b48                P_ArchiveSpecials
                0x0000000000042d6c                P_UnArchiveSpecials
 .text          0x000000000004300c     0x2318 build/p_setup.o
                0x000000000004300c                P_LoadVertexes
                0x000000000004314c                GetSectorAtNullAddress
                0x00000000000431c0                P_LoadSegs
                0x000000000004356c                P_LoadSubsectors
                0x00000000000436c4                P_LoadSectors
                0x000000000004393c                P_LoadNodes
                0x0000000000043bec                P_LoadThings
                0x0000000000043e38                P_LoadLineDefs
                0x00000000000442d8                P_LoadSideDefs
                0x000000000004452c                P_LoadBlockMap
                0x00000000000446ec                P_GroupLines
                0x0000000000044edc                P_SetupLevel
                0x00000000000452f8                P_Init
 .text          0x0000000000045324      0xabc build/p_sight.o
                0x0000000000045324                P_DivlineSide
                0x00000000000454c0                P_InterceptVector2
                0x00000000000455c4                P_CrossSubsector
                0x00000000000459e0                P_CrossBSPNode
                0x0000000000045b44                P_CheckSight
 .text          0x0000000000045de0     0x2424 build/p_spec.o
                0x0000000000045de0                P_InitPicAnims
                0x000000000004602c                getSide
                0x00000000000460d0                getSector
                0x0000000000046178                twoSided
                0x00000000000461ec                getNextSector
                0x000000000004625c                P_FindLowestFloorSurrounding
                0x0000000000046318                P_FindHighestFloorSurrounding
                0x00000000000463d4                P_FindNextHighestFloor
                0x0000000000046560                P_FindLowestCeilingSurrounding
                0x0000000000046618                P_FindHighestCeilingSurrounding
                0x00000000000466d0                P_FindSectorFromLineTag
                0x0000000000046774                P_FindMinSurroundingLight
                0x0000000000046834                P_CrossSpecialLine
                0x0000000000047200                P_ShootSpecialLine
                0x00000000000472e8                P_PlayerInSpecialSector
                0x0000000000047510                P_UpdateSpecials
                0x0000000000047b74                EV_DoDonut
                0x0000000000047e40                P_SpawnSpecials
 .text          0x0000000000048204     0x12c4 build/p_switch.o
                0x0000000000048204                P_InitSwitchList
                0x00000000000483bc                P_StartButton
                0x000000000004859c                P_ChangeSwitchTexture
                0x00000000000488b0                P_UseSpecialLine
 .text          0x00000000000494c8      0x380 build/p_telept.o
                0x00000000000494c8                EV_Teleport
 .text          0x0000000000049848      0x2dc build/p_tick.o
                0x0000000000049848                P_InitThinkers
                0x0000000000049880                P_AddThinker
                0x00000000000498dc                P_RemoveThinker
                0x0000000000049908                P_AllocateThinker
                0x0000000000049928                P_RunThinkers
                0x00000000000499e0                P_Ticker
 .text          0x0000000000049b24      0xbec build/p_user.o
                0x0000000000049b24                P_Thrust
                0x0000000000049bdc                P_CalcHeight
                0x0000000000049ebc                P_MovePlayer
                0x000000000004a028                P_DeathThink
                0x000000000004a254                P_PlayerThink
 .text          0x000000000004a710      0xe78 build/r_bsp.o
                0x000000000004a710                R_ClearDrawSegs
                0x000000000004a73c                R_ClipSolidWallSegment
                0x000000000004a988                R_ClipPassWallSegment
                0x000000000004aad4                R_ClearClipSegs
                0x000000000004ab3c                R_AddLine
                0x000000000004aebc                R_CheckBBox
                0x000000000004b260                R_Subsector
                0x000000000004b468                R_RenderBSPNode
 .text          0x000000000004b588     0x1e68 build/r_data.o
                0x000000000004b588                R_DrawColumnInCache
                0x000000000004b688                R_GenerateComposite
                0x000000000004b93c                R_GenerateLookup
                0x000000000004bd4c                R_GetColumn
                0x000000000004bfe8                R_InitTextures
                0x000000000004c86c                R_InitFlats
                0x000000000004c968                R_InitSpriteLumps
                0x000000000004cba0                R_InitColormaps
                0x000000000004cbe8                R_InitData
                0x000000000004cc28                R_FlatNumForName
                0x000000000004cca4                R_CheckTextureNumForName
                0x000000000004cd74                R_TextureNumForName
                0x000000000004cdc0                R_PrecacheLevel
 .text          0x000000000004d3f0     0x1860 build/r_draw.o
                0x000000000004d3f0                R_DrawColumn
                0x000000000004d574                R_DrawColumnLow
                0x000000000004d748                R_DrawFuzzColumn
                0x000000000004d958                R_DrawFuzzColumnLow
                0x000000000004dbe0                R_DrawTranslatedColumn
                0x000000000004dd74                R_DrawTranslatedColumnLow
                0x000000000004df80                R_InitTranslationTables
                0x000000000004e0e0                R_DrawSpan
                0x000000000004e2bc                R_DrawSpanLow
                0x000000000004e4f4                R_InitBuffer
                0x000000000004e618                R_FillBackScreen
                0x000000000004ea60                R_VideoErase
                0x000000000004eac8                R_DrawViewBorder
 .text          0x000000000004ec50     0x1630 build/r_main.o
                0x000000000004ec50                R_AddPointToBox
                0x000000000004ed10                R_PointOnSide
                0x000000000004eeb0                R_PointOnSegSide
                0x000000000004f064                R_PointToAngle
                0x000000000004f2a8                R_PointToAngle2
                0x000000000004f304                R_PointToDist
                0x000000000004f3fc                R_InitPointToAngle
                0x000000000004f414                R_ScaleFromGlobalAngle
                0x000000000004f544                R_InitTables
                0x000000000004f55c                R_InitTextureMapping
                0x000000000004f7e8                R_InitLightTables
                0x000000000004f908                R_SetViewSize
                0x000000000004f95c                R_ExecuteSetViewSize
                0x000000000004fec4                R_Init
                0x000000000004ff5c                R_PointInSubsector
                0x0000000000050040                R_SetupFrame
                0x0000000000050218                R_RenderPlayerView
 .text          0x0000000000050280      0xe08 build/r_plane.o
                0x0000000000050280                R_InitPlanes
                0x0000000000050298                R_MapPlane
                0x00000000000505ec                R_ClearPlanes
                0x0000000000050750                R_FindPlane
                0x00000000000508c4                R_CheckPlane
                0x0000000000050a74                R_MakeSpans
                0x0000000000050bc4                R_DrawPlanes
 .text          0x0000000000051088     0x20a0 build/r_segs.o
                0x0000000000051088                R_RenderMaskedSegRange
                0x0000000000051570                R_RenderSegLoop
                0x0000000000051e44                R_StoreWallRange
 .text          0x0000000000053128       0x28 build/r_sky.o
                0x0000000000053128                R_InitSkyMap
 .text          0x0000000000053150     0x22d0 build/r_things.o
                0x0000000000053150                R_InstallSpriteLump
                0x00000000000534b8                R_InitSpriteDefs
                0x00000000000539b8                R_InitSprites
                0x0000000000053a20                R_ClearSprites
                0x0000000000053a4c                R_NewVisSprite
                0x0000000000053aac                R_DrawMaskedColumn
                0x0000000000053cb4                R_DrawVisSprite
                0x0000000000053f60                R_ProjectSprite
                0x0000000000054558                R_AddSprites
                0x000000000005466c                R_DrawPSprite
                0x0000000000054ab0                R_DrawPlayerSprites
                0x0000000000054bf8                R_SortVisSprites
                0x0000000000054e00                R_DrawSprite
                0x0000000000055330                R_DrawMasked
 .text          0x0000000000055420     0x2cf0 build/sha1.o
                0x0000000000055420                SHA1_Init
                0x000000000005799c                SHA1_Update
                0x0000000000057b60                SHA1_Final
                0x0000000000058058                SHA1_UpdateInt32
                0x00000000000580cc                SHA1_UpdateString
 .text          0x0000000000058110        0x0 build/sounds.o
 .text          0x0000000000058110       0xb4 build/statdump.o
                0x0000000000058110                StatCopy
                0x00000000000581ac                StatDump
 .text          0x00000000000581c4      0x9a8 build/st_lib.o
                0x00000000000581c4                STlib_init
                0x00000000000581fc                STlib_initNum
                0x000000000005827c                STlib_drawNum
                0x0000000000058568                STlib_updateNum
                0x00000000000585ac                STlib_initPercent
                0x0000000000058610                STlib_updatePercent
                0x0000000000058688                STlib_initMultIcon
                0x00000000000586fc                STlib_updateMultIcon
                0x0000000000058934                STlib_initBinIcon
                0x00000000000589a8                STlib_updateBinIcon
 .text          0x0000000000058b6c     0x275c build/st_stuff.o
                0x0000000000058b6c                ST_refreshBackground
                0x0000000000058c30                ST_Responder
                0x00000000000596fc                ST_calcPainOffset
                0x00000000000597a0                ST_updateFaceWidget
                0x0000000000059d24                ST_updateWidgets
                0x000000000005a020                ST_Ticker
                0x000000000005a084                ST_doPaletteStuff
                0x000000000005a260                ST_drawWidgets
                0x000000000005a46c                ST_doRefresh
                0x000000000005a4a0                ST_diffDraw
                0x000000000005a4c0                ST_Drawer
                0x000000000005aa6c                ST_loadGraphics
                0x000000000005aa90                ST_loadData
                0x000000000005ab00                ST_unloadGraphics
                0x000000000005ab24                ST_unloadData
                0x000000000005ab40                ST_initData
                0x000000000005acd8                ST_createWidgets
                0x000000000005b1e8                ST_Start
                0x000000000005b22c                ST_Stop
                0x000000000005b28c                ST_Init
 .text          0x000000000005b2c8     0x10f0 build/s_sound.o
                0x000000000005b2c8                S_Init
                0x000000000005b454                S_Shutdown
                0x000000000005b594                S_Start
                0x000000000005b6f0                S_StopSound
                0x000000000005bba8                S_StartSound
                0x000000000005be70                S_PauseSound
                0x000000000005bec0                S_ResumeSound
                0x000000000005bf10                S_UpdateSounds
                0x000000000005c0b8                S_SetMusicVolume
                0x000000000005c108                S_SetSfxVolume
                0x000000000005c160                S_StartMusic
                0x000000000005c18c                S_ChangeMusic
                0x000000000005c30c                S_MusicPlaying
                0x000000000005c32c                S_StopMusic
 .text          0x000000000005c3b8       0x74 build/tables.o
                0x000000000005c3b8                SlopeDiv
 *fill*         0x000000000005c42c        0x4 
 .text          0x000000000005c430     0x21bc build/v_video.o
                0x000000000005c430                V_MarkRect
                0x000000000005c4bc                V_CopyRect
                0x000000000005c634                V_SetPatchClipCallback
                0x000000000005c664                V_DrawPatch
                0x000000000005ca7c                V_DrawPatchFlipped
                0x000000000005cdec                V_DrawPatchDirect
                0x000000000005ce24                V_DrawTLPatch
                0x000000000005d114                V_DrawXlaPatch
                0x000000000005d3b4                V_DrawAltTLPatch
                0x000000000005d6a4                V_DrawShadowedPatch
                0x000000000005da14                V_LoadTintTable
                0x000000000005da4c                V_LoadXlaTable
                0x000000000005da84                V_DrawBlock
                0x000000000005db90                V_DrawFilledBox
                0x000000000005dc70                V_DrawHorizLine
                0x000000000005dd14                V_DrawVertLine
                0x000000000005ddbc                V_DrawBox
                0x000000000005de50                V_DrawRawScreen
                0x000000000005de8c                V_Init
                0x000000000005dea4                V_UseBuffer
                0x000000000005ded4                V_RestoreBuffer
                0x000000000005df04                WritePCXfile
                0x000000000005e25c                V_ScreenShot
                0x000000000005e338                V_DrawMouseSpeedBox
 .text          0x000000000005e5ec     0x44fc build/wi_stuff.o
                0x000000000005e5ec                WI_slamBackground
                0x000000000005e620                WI_Responder
                0x000000000005e644                WI_drawLF
                0x000000000005e864                WI_drawEL
                0x000000000005e9d8                WI_drawOnLnode
                0x000000000005ec94                WI_initAnimatedBack
                0x000000000005ee30                WI_updateAnimatedBack
                0x000000000005f0d8                WI_drawAnimatedBack
                0x000000000005f1e0                WI_drawNum
                0x000000000005f3ac                WI_drawPercent
                0x000000000005f414                WI_drawTime
                0x000000000005f5b0                WI_End
                0x000000000005f5cc                WI_initNoState
                0x000000000005f614                WI_updateNoState
                0x000000000005f65c                WI_initShowNextLoc
                0x000000000005f6a8                WI_updateShowNextLoc
                0x000000000005f738                WI_drawShowNextLoc
                0x000000000005f874                WI_drawNoState
                0x000000000005f8a0                WI_fragSum
                0x000000000005f99c                WI_initDeathmatchStats
                0x000000000005faa4                WI_updateDeathmatchStats
                0x000000000005ff58                WI_drawDeathmatchStats
                0x000000000006033c                WI_initNetgameStats
                0x0000000000060490                WI_updateNetgameStats
                0x0000000000060d9c                WI_drawNetgameStats
                0x0000000000061334                WI_initStats
                0x00000000000613ec                WI_updateStats
                0x0000000000061ca4                WI_drawStats
                0x0000000000061e64                WI_checkForAccelerate
                0x0000000000061f74                WI_Ticker
                0x0000000000062768                WI_loadData
                0x0000000000062874                WI_unloadData
                0x0000000000062898                WI_Drawer
                0x000000000006292c                WI_initVariables
                0x0000000000062a80                WI_Start
 .text          0x0000000000062ae8      0x234 build/w_checksum.o
                0x0000000000062c6c                W_Checksum
 .text          0x0000000000062d1c      0x14c build/w_file.o
                0x0000000000062d1c                W_OpenFile
                0x0000000000062ddc                W_CloseFile
                0x0000000000062e14                W_Read
 .text          0x0000000000062e68       0xdc build/w_main.o
                0x0000000000062e68                W_ParseCommandLine
 .text          0x0000000000062f44      0xeac build/w_wad.o
                0x0000000000062f44                W_LumpNameHash
                0x000000000006326c                W_AddFile
                0x00000000000635dc                W_NumLumps
                0x0000000000063600                W_CheckNumForName
                0x000000000006377c                W_GetNumForName
                0x00000000000637c8                W_LumpLength
                0x0000000000063838                W_ReadLump
                0x0000000000063910                W_CacheLumpNum
                0x0000000000063a4c                W_CacheLumpName
                0x0000000000063a8c                W_ReleaseLumpNum
                0x0000000000063b30                W_ReleaseLumpName
                0x0000000000063b64                W_GenerateHashTable
                0x0000000000063cf0                W_CheckCorrectIWAD
 .text          0x0000000000063df0      0xc1c build/z_zone.o
                0x0000000000063df0                Z_ClearZone
                0x0000000000063ea0                Z_Init
                0x0000000000063f98                Z_Free
                0x0000000000064148                Z_Malloc
                0x00000000000643bc                Z_FreeTags
                0x0000000000064478                Z_DumpHeap
                0x00000000000645f4                Z_FileDumpHeap
                0x000000000006475c                Z_CheckHeap
                0x0000000000064840                Z_ChangeTag2
                0x00000000000648e0                Z_ChangeUser
                0x000000000006494c                Z_FreeMemory
                0x00000000000649e4                Z_ZoneSize
 .text          0x0000000000064a0c      0x14c build/w_file_stdc.o
                0x0000000000064aec                W_StdC_Read
 .text          0x0000000000064b58      0x220 build/i_input.o
                0x0000000000064c6c                I_GetEvent
                0x0000000000064d60                I_InitInput
 .text          0x0000000000064d78      0xd30 build/i_video.o
                0x0000000000064d78                cmap_to_rgb565
                0x0000000000064ea4                cmap_to_fb
                0x00000000000650a4                I_InitGraphics
                0x0000000000065474                I_ShutdownGraphics
                0x00000000000654a0                I_StartFrame
                0x00000000000654b8                I_StartTic
                0x00000000000654d4                I_UpdateNoBlit
                0x00000000000654ec                I_FinishUpdate
                0x00000000000656a4                I_ReadScreen
                0x00000000000656e0                I_SetPalette
                0x0000000000065818                I_GetPaletteIndex
                0x00000000000659b0                I_BeginRead
                0x00000000000659c8                I_EndRead
                0x00000000000659e0                I_SetWindowTitle
                0x0000000000065a08                I_GraphicsCheckCommandLine
                0x0000000000065a20                I_SetGrabMouseCallback
                0x0000000000065a40                I_EnableLoadingDisk
                0x0000000000065a58                I_BindVideoVariables
                0x0000000000065a70                I_DisplayFPSDots
                0x0000000000065a90                I_CheckIsScreensaver
 .text          0x0000000000065aa8       0x6c build/doomgeneric.o
                0x0000000000065aa8                doomgeneric_Create
 .text          0x0000000000065b14       0x68 build/doomgeneric_versatilepb.o
                0x0000000000065b14                DG_Init
                0x0000000000065b30                DG_Quit
                0x0000000000065b48                DG_DrawFrame
                0x0000000000065b60                mkdir
 .text          0x0000000000065b7c     0x8840 build/t.o
                0x0000000000065b7c                kbcopy
                0x0000000000065c48                strchr
                0x0000000000065cb0                memcmp
                0x0000000000065d4c                kstrlen
                0x0000000000065da4                kstrcmp
                0x0000000000065e5c                kstrcpy
                0x0000000000065ec4                kmemset
                0x0000000000065f2c                kmemcpy
                0x0000000000065f68                kbzero
                0x0000000000065fa0                uart_init
                0x00000000000660ec                uart_handler
                0x0000000000066164                do_rx
                0x0000000000066240                do_tx
                0x0000000000066330                upeek
                0x0000000000066368                ugetc
                0x0000000000066414                uputc
                0x000000000006652c                ugets
                0x00000000000665ac                uprints
                0x0000000000066604                urpx
                0x0000000000066698                uprintx
                0x0000000000066704                urpu
                0x00000000000667b8                uprintu
                0x0000000000066814                uprinti
                0x000000000006686c                ufprintf
                0x0000000000066a1c                uprintf
                0x0000000000066bd4                kbd_init
                0x0000000000066c60                kbd_handler
                0x0000000000066d60                kgetc
                0x0000000000066e14                kgets
                0x0000000000066e7c                timer_init
                0x0000000000067020                timer_handler
                0x000000000006738c                timer_start
                0x0000000000067408                timer_clearInterrupt
                0x0000000000067464                timer_stop
                0x00000000000674c4                fbuf_init
                0x00000000000675dc                clrpix
                0x0000000000067648                setpix
                0x0000000000067780                dchar
                0x0000000000067880                scroll
                0x0000000000067904                kpchar
                0x0000000000067960                erasechar
                0x0000000000067a10                clrcursor
                0x0000000000067a30                putcursor
                0x0000000000067a78                kputc
                0x0000000000067be8                kprints
                0x0000000000067c3c                krpx
                0x0000000000067cc4                kprintx
                0x0000000000067d20                krpu
                0x0000000000067dc8                kprintu
                0x0000000000067e14                kprinti
                0x0000000000067e60                kprintf
                0x0000000000067ff0                stestring
                0x0000000000068054                undef_handler
                0x0000000000068060                swi_handler
                0x000000000006806c                prefetch_abort_handler
                0x0000000000068078                data_abort_handler
                0x0000000000068084                fiq_handler
                0x0000000000068090                sdc_handler
                0x0000000000068290                delay
                0x00000000000682d4                do_command
                0x0000000000068340                sdc_init
                0x000000000006852c                putSector
                0x000000000006860c                sd_init
                0x0000000000068628                disk_initialize
                0x000000000006867c                disk_status
                0x00000000000686b8                disk_read
                0x0000000000068764                disk_write
                0x0000000000068810                disk_ioctl
                0x000000000006b738                f_mount
                0x000000000006b838                f_open
                0x000000000006bd50                f_read
                0x000000000006c1c0                f_write
                0x000000000006c6f0                f_sync
                0x000000000006c8ac                f_close
                0x000000000006c920                f_lseek
                0x000000000006cda0                f_opendir
                0x000000000006ceec                f_closedir
                0x000000000006cf44                f_readdir
                0x000000000006d050                f_stat
                0x000000000006d128                f_getfree
                0x000000000006d3b4                f_truncate
                0x000000000006d5dc                f_unlink
                0x000000000006d7b0                f_mkdir
                0x000000000006da5c                f_rename
                0x000000000006dd40                copy_vectors
                0x000000000006ddac                kc_handler
                0x000000000006de6c                copy
                0x000000000006dee0                zero
                0x000000000006df3c                get_fattime
                0x000000000006dfbc                fatfs_test
                0x000000000006e024                _open
                0x000000000006e0f0                _read
                0x000000000006e158                _lseek
                0x000000000006e210                _close
                0x000000000006e258                main
 .text          0x000000000006e3bc      0x198 /usr/lib/gcc/arm-none-eabi/10.3.1/libgcc.a(_arm_mulsf3.o)
 .text          0x000000000006e554      0x114 /usr/lib/gcc/arm-none-eabi/10.3.1/libgcc.a(_udivsi3.o)
                0x000000000006e554                __udivsi3
                0x000000000006e554                __aeabi_uidiv
                0x000000000006e648                __aeabi_uidivmod
 .text          0x000000000006e668      0x148 /usr/lib/gcc/arm-none-eabi/10.3.1/libgcc.a(_divsi3.o)
                0x000000000006e668                __aeabi_idiv
                0x000000000006e668                __divsi3
                0x000000000006e790                __aeabi_idivmod
 .text          0x000000000006e7b0        0x4 /usr/lib/gcc/arm-none-eabi/10.3.1/libgcc.a(_dvmd_tls.o)
                0x000000000006e7b0                __aeabi_ldiv0
                0x000000000006e7b0                __aeabi_idiv0
 .text          0x000000000006e7b4      0x424 /usr/lib/gcc/arm-none-eabi/10.3.1/libgcc.a(_arm_addsubdf3.o)
                0x000000000006e7b4                __aeabi_drsub
                0x000000000006e7bc                __aeabi_dsub
                0x000000000006e7bc                __subdf3
                0x000000000006e7c0                __adddf3
                0x000000000006e7c0                __aeabi_dadd
                0x000000000006ead0                __aeabi_ui2d
                0x000000000006ead0                __floatunsidf
                0x000000000006eaf4                __floatsidf
                0x000000000006eaf4                __aeabi_i2d
                0x000000000006eb1c                __extendsfdf2
                0x000000000006eb1c                __aeabi_f2d
                0x000000000006eb64                __aeabi_ul2d
                0x000000000006eb64                __floatundidf
                0x000000000006eb78                __floatdidf
                0x000000000006eb78                __aeabi_l2d
 .text          0x000000000006ebd8      0x144 /usr/lib/gcc/arm-none-eabi/10.3.1/libgcc.a(_arm_cmpdf2.o)
                0x000000000006ebd8                __gtdf2
                0x000000000006ebd8                __gedf2
                0x000000000006ebe0                __ltdf2
                0x000000000006ebe0                __ledf2
                0x000000000006ebe8                __cmpdf2
                0x000000000006ebe8                __eqdf2
                0x000000000006ebe8                __nedf2
                0x000000000006ec70                __aeabi_cdrcmple
                0x000000000006ec8c                __aeabi_cdcmple
                0x000000000006ec8c                __aeabi_cdcmpeq
                0x000000000006eca4                __aeabi_dcmpeq
                0x000000000006ecbc                __aeabi_dcmplt
                0x000000000006ecd4                __aeabi_dcmple
                0x000000000006ecec                __aeabi_dcmpge
                0x000000000006ed04                __aeabi_dcmpgt
 .text          0x000000000006ed1c       0xa0 /usr/lib/gcc/arm-none-eabi/10.3.1/libgcc.a(_arm_truncdfsf2.o)
                0x000000000006ed1c                __aeabi_d2f
                0x000000000006ed1c                __truncdfsf2
 .text          0x000000000006edbc      0x2ac /usr/lib/gcc/arm-none-eabi/10.3.1/libgcc.a(_arm_addsubsf3.o)
                0x000000000006edbc                __aeabi_frsub
                0x000000000006edc4                __subsf3
                0x000000000006edc4                __aeabi_fsub
                0x000000000006edc8                __aeabi_fadd
                0x000000000006edc8                __addsf3
                0x000000000006ef84                __aeabi_ui2f
                0x000000000006ef84                __floatunsisf
                0x000000000006ef8c                __aeabi_i2f
                0x000000000006ef8c                __floatsisf
                0x000000000006efac                __floatundisf
                0x000000000006efac                __aeabi_ul2f
                0x000000000006efbc                __floatdisf
                0x000000000006efbc                __aeabi_l2f
 .text          0x000000000006f068      0x2f8 /usr/lib/gcc/arm-none-eabi/10.3.1/libgcc.a(_arm_muldivsf3.o)
                0x000000000006f068                __mulsf3
                0x000000000006f068                __aeabi_fmul
                0x000000000006f200                __divsf3
                0x000000000006f200                __aeabi_fdiv
 .text          0x000000000006f360       0x5c /usr/lib/gcc/arm-none-eabi/10.3.1/libgcc.a(_arm_fixsfsi.o)
                0x000000000006f360                __fixsfsi
                0x000000000006f360                __aeabi_f2iz
 .text          0x000000000006f3bc       0xd4 /usr/lib/gcc/arm-none-eabi/10.3.1/libgcc.a(_aeabi_ldivmod.o)
                0x000000000006f3bc                __aeabi_ldivmod
 .text          0x000000000006f490      0x128 /usr/lib/gcc/arm-none-eabi/10.3.1/libgcc.a(_udivmoddi4.o)
                0x000000000006f490                __udivmoddi4
 .text          0x000000000006f5b8       0x28 /usr/lib/gcc/arm-none-eabi/10.3.1/libgcc.a(_clzdi2.o)
                0x000000000006f5b8                __clzdi2
 .text          0x000000000006f5e0       0x48 /usr/lib/gcc/arm-none-eabi/10.3.1/libgcc.a(_clzsi2.o)
                0x000000000006f5e0                __clzsi2
 .text          0x000000000006f628       0x20 /usr/lib/gcc/arm-none-eabi/10.3.1/../../../arm-none-eabi/lib/libg.a(lib_a-atexit.o)
                0x000000000006f628                atexit
 .text          0x000000000006f648       0x14 /usr/lib/gcc/arm-none-eabi/10.3.1/../../../arm-none-eabi/lib/libg.a(lib_a-atof.o)
                0x000000000006f648                atof
 .text          0x000000000006f65c       0x30 /usr/lib/gcc/arm-none-eabi/10.3.1/../../../arm-none-eabi/lib/libg.a(lib_a-atoi.o)
                0x000000000006f65c                atoi
                0x000000000006f674                _atoi_r
 .text          0x000000000006f68c       0x28 /usr/lib/gcc/arm-none-eabi/10.3.1/../../../arm-none-eabi/lib/libg.a(lib_a-calloc.o)
                0x000000000006f68c                calloc
 .text          0x000000000006f6b4       0x9c /usr/lib/gcc/arm-none-eabi/10.3.1/../../../arm-none-eabi/lib/libg.a(lib_a-callocr.o)
                0x000000000006f6b4                _calloc_r
 .text          0x000000000006f750        0x0 /usr/lib/gcc/arm-none-eabi/10.3.1/../../../arm-none-eabi/lib/libg.a(lib_a-ctype_.o)
 .text          0x000000000006f750       0x10 /usr/lib/gcc/arm-none-eabi/10.3.1/../../../arm-none-eabi/lib/libg.a(lib_a-errno.o)
                0x000000000006f750                __errno
 .text          0x000000000006f760       0x34 /usr/lib/gcc/arm-none-eabi/10.3.1/../../../arm-none-eabi/lib/libg.a(lib_a-exit.o)
                0x000000000006f760                exit
 .text          0x000000000006f794      0x17c /usr/lib/gcc/arm-none-eabi/10.3.1/../../../arm-none-eabi/lib/libg.a(lib_a-fclose.o)
                0x000000000006f844                _fclose_r
                0x000000000006f8a4                fclose
 .text          0x000000000006f910      0x324 /usr/lib/gcc/arm-none-eabi/10.3.1/../../../arm-none-eabi/lib/libg.a(lib_a-fflush.o)
                0x000000000006f910                __sflush_r
                0x000000000006fb54                _fflush_r
                0x000000000006fba4                fflush
 .text          0x000000000006fc34      0x360 /usr/lib/gcc/arm-none-eabi/10.3.1/../../../arm-none-eabi/lib/libg.a(lib_a-findfp.o)
                0x000000000006fc3c                _cleanup_r
                0x000000000006fda4                __sfmoreglue
                0x000000000006fdf4                __sfp
                0x000000000006ff08                _cleanup
                0x000000000006ff2c                __sinit
                0x000000000006ff3c                __sfp_lock_acquire
                0x000000000006ff40                __sfp_lock_release
                0x000000000006ff44                __sinit_lock_acquire
                0x000000000006ff48                __sinit_lock_release
                0x000000000006ff4c                __fp_lock_all
                0x000000000006ff70                __fp_unlock_all
 .text          0x000000000006ff94       0x44 /usr/lib/gcc/arm-none-eabi/10.3.1/../../../arm-none-eabi/lib/libg.a(lib_a-fini.o)
                0x000000000006ff94                __libc_fini_array
 .text          0x000000000006ffd8      0x118 /usr/lib/gcc/arm-none-eabi/10.3.1/../../../arm-none-eabi/lib/libg.a(lib_a-fopen.o)
                0x000000000006ffd8                _fopen_r
                0x00000000000700d4                fopen
 .text          0x00000000000700f0       0x68 /usr/lib/gcc/arm-none-eabi/10.3.1/../../../arm-none-eabi/lib/libg.a(lib_a-fprintf.o)
                0x00000000000700f0                _fprintf_r
                0x000000000007011c                fprintf
 .text          0x0000000000070158      0x280 /usr/lib/gcc/arm-none-eabi/10.3.1/../../../arm-none-eabi/lib/libg.a(lib_a-fread.o)
                0x0000000000070158                _fread_r
                0x0000000000070394                fread
 .text          0x00000000000703d8      0x3ec /usr/lib/gcc/arm-none-eabi/10.3.1/../../../arm-none-eabi/lib/libg.a(lib_a-freer.o)
                0x00000000000703d8                _malloc_trim_r
                0x00000000000704d8                _free_r
 .text          0x00000000000707c4       0x40 /usr/lib/gcc/arm-none-eabi/10.3.1/../../../arm-none-eabi/lib/libg.a(lib_a-fseek.o)
                0x00000000000707c4                _fseek_r
                0x00000000000707d4                fseek
 .text          0x0000000000070804      0x444 /usr/lib/gcc/arm-none-eabi/10.3.1/../../../arm-none-eabi/lib/libg.a(lib_a-fseeko.o)
                0x0000000000070804                _fseeko_r
                0x0000000000070c1c                fseeko
 .text          0x0000000000070c48       0x40 /usr/lib/gcc/arm-none-eabi/10.3.1/../../../arm-none-eabi/lib/libg.a(lib_a-fstatr.o)
                0x0000000000070c48                _fstat_r
 .text          0x0000000000070c88       0x30 /usr/lib/gcc/arm-none-eabi/10.3.1/../../../arm-none-eabi/lib/libg.a(lib_a-ftell.o)
                0x0000000000070c88                _ftell_r
                0x0000000000070c98                ftell
 .text          0x0000000000070cb8      0x114 /usr/lib/gcc/arm-none-eabi/10.3.1/../../../arm-none-eabi/lib/libg.a(lib_a-ftello.o)
                0x0000000000070cb8                _ftello_r
                0x0000000000070db8                ftello
 .text          0x0000000000070dcc       0xe8 /usr/lib/gcc/arm-none-eabi/10.3.1/../../../arm-none-eabi/lib/libg.a(lib_a-fwalk.o)
                0x0000000000070dcc                _fwalk
                0x0000000000070e3c                _fwalk_reent
 .text          0x0000000000070eb4      0x150 /usr/lib/gcc/arm-none-eabi/10.3.1/../../../arm-none-eabi/lib/libg.a(lib_a-fwrite.o)
                0x0000000000070eb4                _fwrite_r
                0x0000000000070f54                fwrite
 .text          0x0000000000071004        0x0 /usr/lib/gcc/arm-none-eabi/10.3.1/../../../arm-none-eabi/lib/libg.a(lib_a-impure.o)
 .text          0x0000000000071004       0x88 /usr/lib/gcc/arm-none-eabi/10.3.1/../../../arm-none-eabi/lib/libg.a(lib_a-init.o)
                0x0000000000071004                __libc_init_array
 .text          0x000000000007108c      0x1e4 /usr/lib/gcc/arm-none-eabi/10.3.1/../../../arm-none-eabi/lib/libg.a(lib_a-makebuf.o)
                0x000000000007108c                __smakebuf_r
                0x00000000000711d0                __swhatbuf_r
 .text          0x0000000000071270       0x40 /usr/lib/gcc/arm-none-eabi/10.3.1/../../../arm-none-eabi/lib/libg.a(lib_a-malloc.o)
                0x0000000000071270                malloc
                0x0000000000071290                free
 .text          0x00000000000712b0      0x7f0 /usr/lib/gcc/arm-none-eabi/10.3.1/../../../arm-none-eabi/lib/libg.a(lib_a-mallocr.o)
                0x00000000000712b0                _malloc_r
 .text          0x0000000000071aa0      0x120 /usr/lib/gcc/arm-none-eabi/10.3.1/../../../arm-none-eabi/lib/libg.a(lib_a-memcpy-stub.o)
                0x0000000000071aa0                memcpy
 .text          0x0000000000071bc0      0x158 /usr/lib/gcc/arm-none-eabi/10.3.1/../../../arm-none-eabi/lib/libg.a(lib_a-memmove.o)
                0x0000000000071bc0                memmove
 .text          0x0000000000071d18      0x11c /usr/lib/gcc/arm-none-eabi/10.3.1/../../../arm-none-eabi/lib/libg.a(lib_a-memset.o)
                0x0000000000071d18                memset
 .text          0x0000000000071e34        0x8 /usr/lib/gcc/arm-none-eabi/10.3.1/../../../arm-none-eabi/lib/libg.a(lib_a-mlock.o)
                0x0000000000071e34                __malloc_lock
                0x0000000000071e38                __malloc_unlock
 .text          0x0000000000071e3c       0x48 /usr/lib/gcc/arm-none-eabi/10.3.1/../../../arm-none-eabi/lib/libg.a(lib_a-openr.o)
                0x0000000000071e3c                _open_r
 .text          0x0000000000071e84       0x6c /usr/lib/gcc/arm-none-eabi/10.3.1/../../../arm-none-eabi/lib/libg.a(lib_a-printf.o)
                0x0000000000071e84                _printf_r
                0x0000000000071eb4                printf
 .text          0x0000000000071ef0       0x38 /usr/lib/gcc/arm-none-eabi/10.3.1/../../../arm-none-eabi/lib/libg.a(lib_a-putchar.o)
                0x0000000000071ef0                _putchar_r
                0x0000000000071f04                putchar
 .text          0x0000000000071f28       0xc0 /usr/lib/gcc/arm-none-eabi/10.3.1/../../../arm-none-eabi/lib/libg.a(lib_a-puts.o)
                0x0000000000071f28                _puts_r
                0x0000000000071fd4                puts
 .text          0x0000000000071fe8       0x28 /usr/lib/gcc/arm-none-eabi/10.3.1/../../../arm-none-eabi/lib/libg.a(lib_a-realloc.o)
                0x0000000000071fe8                realloc
 .text          0x0000000000072010      0x594 /usr/lib/gcc/arm-none-eabi/10.3.1/../../../arm-none-eabi/lib/libg.a(lib_a-reallocr.o)
                0x0000000000072010                _realloc_r
 .text          0x00000000000725a4      0x178 /usr/lib/gcc/arm-none-eabi/10.3.1/../../../arm-none-eabi/lib/libg.a(lib_a-reent.o)
                0x00000000000725a4                cleanup_glue
                0x0000000000072618                _reclaim_reent
 .text          0x000000000007271c      0x20c /usr/lib/gcc/arm-none-eabi/10.3.1/../../../arm-none-eabi/lib/libg.a(lib_a-refill.o)
                0x0000000000072744                __srefill_r
 .text          0x0000000000072928       0x50 /usr/lib/gcc/arm-none-eabi/10.3.1/../../../arm-none-eabi/lib/libg.a(lib_a-remove.o)
                0x0000000000072928                _remove_r
                0x0000000000072948                remove
 .text          0x0000000000072978       0x28 /usr/lib/gcc/arm-none-eabi/10.3.1/../../../arm-none-eabi/lib/libg.a(lib_a-rename.o)
                0x0000000000072978                rename
 .text          0x00000000000729a0       0x3c /usr/lib/gcc/arm-none-eabi/10.3.1/../../../arm-none-eabi/lib/libg.a(lib_a-renamer.o)
                0x00000000000729a0                _rename_r
 .text          0x00000000000729dc       0x44 /usr/lib/gcc/arm-none-eabi/10.3.1/../../../arm-none-eabi/lib/libg.a(lib_a-sbrkr.o)
                0x00000000000729dc                _sbrk_r
 .text          0x0000000000072a20      0x190 /usr/lib/gcc/arm-none-eabi/10.3.1/../../../arm-none-eabi/lib/libg.a(lib_a-snprintf.o)
                0x0000000000072a20                _snprintf_r
                0x0000000000072ae0                snprintf
 .text          0x0000000000072bb0       0xf8 /usr/lib/gcc/arm-none-eabi/10.3.1/../../../arm-none-eabi/lib/libg.a(lib_a-sscanf.o)
                0x0000000000072bb0                sscanf
                0x0000000000072c2c                _sscanf_r
 .text          0x0000000000072ca8       0xdc /usr/lib/gcc/arm-none-eabi/10.3.1/../../../arm-none-eabi/lib/libg.a(lib_a-stdio.o)
                0x0000000000072ca8                __sread
                0x0000000000072cdc                __seofread
                0x0000000000072ce4                __swrite
                0x0000000000072d40                __sseek
                0x0000000000072d70                __sclose
 .text          0x0000000000072d84       0x70 /usr/lib/gcc/arm-none-eabi/10.3.1/../../../arm-none-eabi/lib/libg.a(lib_a-strcasecmp.o)
                0x0000000000072d84                strcasecmp
 .text          0x0000000000072df4      0x224 /usr/lib/gcc/arm-none-eabi/10.3.1/../../../arm-none-eabi/lib/libg.a(lib_a-strcmp.o)
                0x0000000000072df4                strcmp
 .text          0x0000000000073018       0x20 /usr/lib/gcc/arm-none-eabi/10.3.1/../../../arm-none-eabi/lib/libg.a(lib_a-strdup.o)
                0x0000000000073018                strdup
 .text          0x0000000000073038       0x44 /usr/lib/gcc/arm-none-eabi/10.3.1/../../../arm-none-eabi/lib/libg.a(lib_a-strdup_r.o)
                0x0000000000073038                _strdup_r
 .text          0x000000000007307c       0x60 /usr/lib/gcc/arm-none-eabi/10.3.1/../../../arm-none-eabi/lib/libg.a(lib_a-strlen-stub.o)
                0x000000000007307c                strlen
 .text          0x00000000000730dc       0x94 /usr/lib/gcc/arm-none-eabi/10.3.1/../../../arm-none-eabi/lib/libg.a(lib_a-strncasecmp.o)
                0x00000000000730dc                strncasecmp
 .text          0x0000000000073170       0xe4 /usr/lib/gcc/arm-none-eabi/10.3.1/../../../arm-none-eabi/lib/libg.a(lib_a-strncmp.o)
                0x0000000000073170                strncmp
 .text          0x0000000000073254       0xcc /usr/lib/gcc/arm-none-eabi/10.3.1/../../../arm-none-eabi/lib/libg.a(lib_a-strncpy.o)
                0x0000000000073254                strncpy
 .text          0x0000000000073320       0x54 /usr/lib/gcc/arm-none-eabi/10.3.1/../../../arm-none-eabi/lib/libg.a(lib_a-strrchr.o)
                0x0000000000073320                strrchr
 .text          0x0000000000073374      0x690 /usr/lib/gcc/arm-none-eabi/10.3.1/../../../arm-none-eabi/lib/libg.a(lib_a-strstr.o)
                0x0000000000073794                strstr
 *fill*         0x0000000000073a04        0x4 
 .text          0x0000000000073a08     0x1870 /usr/lib/gcc/arm-none-eabi/10.3.1/../../../arm-none-eabi/lib/libg.a(lib_a-strtod.o)
                0x0000000000073a08                _strtod_l
                0x0000000000075014                _strtod_r
                0x0000000000075020                strtod_l
                0x000000000007504c                strtod
                0x0000000000075070                strtof_l
                0x0000000000075174                strtof
 .text          0x0000000000075278      0x298 /usr/lib/gcc/arm-none-eabi/10.3.1/../../../arm-none-eabi/lib/libg.a(lib_a-strtol.o)
                0x000000000007542c                _strtol_r
                0x0000000000075468                strtol_l
                0x00000000000754bc                strtol
 .text          0x0000000000075510     0x1efc /usr/lib/gcc/arm-none-eabi/10.3.1/../../../arm-none-eabi/lib/libg.a(lib_a-svfprintf.o)
                0x0000000000075510                _svfprintf_r
 .text          0x000000000007740c     0x1864 /usr/lib/gcc/arm-none-eabi/10.3.1/../../../arm-none-eabi/lib/libg.a(lib_a-svfscanf.o)
                0x000000000007740c                __ssvfscanf_r
 .text          0x0000000000078c70       0x50 /usr/lib/gcc/arm-none-eabi/10.3.1/../../../arm-none-eabi/lib/libg.a(lib_a-system.o)
                0x0000000000078c70                _system_r
                0x0000000000078c98                system
 .text          0x0000000000078cc0       0x3c /usr/lib/gcc/arm-none-eabi/10.3.1/../../../arm-none-eabi/lib/libg.a(lib_a-unlinkr.o)
                0x0000000000078cc0                _unlink_r
 .text          0x0000000000078cfc     0x203c /usr/lib/gcc/arm-none-eabi/10.3.1/../../../arm-none-eabi/lib/libg.a(lib_a-vfprintf.o)
                0x0000000000078cfc                _vfprintf_r
                0x000000000007ac5c                vfprintf
 .text          0x000000000007ad38      0x15c /usr/lib/gcc/arm-none-eabi/10.3.1/../../../arm-none-eabi/lib/libg.a(lib_a-vsnprintf.o)
                0x000000000007ad38                vsnprintf
                0x000000000007ade8                _vsnprintf_r
 .text          0x000000000007ae94       0x48 /usr/lib/gcc/arm-none-eabi/10.3.1/../../../arm-none-eabi/lib/libg.a(lib_a-writer.o)
                0x000000000007ae94                _write_r
 .text          0x000000000007aedc      0x16c /usr/lib/gcc/arm-none-eabi/10.3.1/../../../arm-none-eabi/lib/libg.a(lib_a-wsetup.o)
                0x000000000007aedc                __swsetup_r
 .text          0x000000000007b048       0x8c /usr/lib/gcc/arm-none-eabi/10.3.1/../../../arm-none-eabi/lib/libg.a(lib_a-__atexit.o)
                0x000000000007b048                __register_exitproc
 .text          0x000000000007b0d4      0x118 /usr/lib/gcc/arm-none-eabi/10.3.1/../../../arm-none-eabi/lib/libg.a(lib_a-__call_atexit.o)
                0x000000000007b0d4                __call_exitprocs
 .text          0x000000000007b1ec       0x3c /usr/lib/gcc/arm-none-eabi/10.3.1/../../../arm-none-eabi/lib/libg.a(lib_a-closer.o)
                0x000000000007b1ec                _close_r
 .text          0x000000000007b228     0x18ec /usr/lib/gcc/arm-none-eabi/10.3.1/../../../arm-none-eabi/lib/libg.a(lib_a-dtoa.o)
                0x000000000007b3e8                _dtoa_r
 .text          0x000000000007cb14       0xd0 /usr/lib/gcc/arm-none-eabi/10.3.1/../../../arm-none-eabi/lib/libg.a(lib_a-flags.o)
                0x000000000007cb14                __sflags
 .text          0x000000000007cbe4      0x4c4 /usr/lib/gcc/arm-none-eabi/10.3.1/../../../arm-none-eabi/lib/libg.a(lib_a-fvwrite.o)
                0x000000000007cbe4                __sfvwrite_r
 .text          0x000000000007d0a8      0x9ec /usr/lib/gcc/arm-none-eabi/10.3.1/../../../arm-none-eabi/lib/libg.a(lib_a-gdtoa-gethex.o)
                0x000000000007d19c                __gethex
 .text          0x000000000007da94      0x2fc /usr/lib/gcc/arm-none-eabi/10.3.1/../../../arm-none-eabi/lib/libg.a(lib_a-gdtoa-hexnan.o)
                0x000000000007da94                __match
                0x000000000007dae8                __hexnan
 .text          0x000000000007dd90       0x3c /usr/lib/gcc/arm-none-eabi/10.3.1/../../../arm-none-eabi/lib/libg.a(lib_a-isattyr.o)
                0x000000000007dd90                _isatty_r
 .text          0x000000000007ddcc       0x14 /usr/lib/gcc/arm-none-eabi/10.3.1/../../../arm-none-eabi/lib/libg.a(lib_a-iswspace.o)
                0x000000000007ddcc                iswspace
 .text          0x000000000007dde0       0x1c /usr/lib/gcc/arm-none-eabi/10.3.1/../../../arm-none-eabi/lib/libg.a(lib_a-iswspace_l.o)
                0x000000000007dde0                iswspace_l
 .text          0x000000000007ddfc       0x40 /usr/lib/gcc/arm-none-eabi/10.3.1/../../../arm-none-eabi/lib/libg.a(lib_a-linkr.o)
                0x000000000007ddfc                _link_r
 .text          0x000000000007de3c        0x8 /usr/lib/gcc/arm-none-eabi/10.3.1/../../../arm-none-eabi/lib/libg.a(lib_a-lnumeric.o)
                0x000000000007de3c                __numeric_load_locale
 .text          0x000000000007de44       0xe0 /usr/lib/gcc/arm-none-eabi/10.3.1/../../../arm-none-eabi/lib/libg.a(lib_a-locale.o)
                0x000000000007de44                _setlocale_r
                0x000000000007deac                __locale_mb_cur_max
                0x000000000007debc                setlocale
 .text          0x000000000007df24       0x20 /usr/lib/gcc/arm-none-eabi/10.3.1/../../../arm-none-eabi/lib/libg.a(lib_a-localeconv.o)
                0x000000000007df24                __localeconv_l
                0x000000000007df2c                _localeconv_r
                0x000000000007df38                localeconv
 .text          0x000000000007df44       0x48 /usr/lib/gcc/arm-none-eabi/10.3.1/../../../arm-none-eabi/lib/libg.a(lib_a-lseekr.o)
                0x000000000007df44                _lseek_r
 .text          0x000000000007df8c       0xf8 /usr/lib/gcc/arm-none-eabi/10.3.1/../../../arm-none-eabi/lib/libg.a(lib_a-mbrtowc.o)
                0x000000000007df8c                _mbrtowc_r
                0x000000000007dff4                mbrtowc
 .text          0x000000000007e084       0x60 /usr/lib/gcc/arm-none-eabi/10.3.1/../../../arm-none-eabi/lib/libg.a(lib_a-mbtowc_r.o)
                0x000000000007e084                _mbtowc_r
                0x000000000007e0a0                __ascii_mbtowc
 .text          0x000000000007e0e4       0xf0 /usr/lib/gcc/arm-none-eabi/10.3.1/../../../arm-none-eabi/lib/libg.a(lib_a-memchr-stub.o)
                0x000000000007e0e4                memchr
 .text          0x000000000007e1d4      0xf90 /usr/lib/gcc/arm-none-eabi/10.3.1/../../../arm-none-eabi/lib/libg.a(lib_a-mprec.o)
                0x000000000007e1d4                _Balloc
                0x000000000007e260                _Bfree
                0x000000000007e27c                __multadd
                0x000000000007e37c                __s2b
                0x000000000007e490                __hi0bits
                0x000000000007e4e8                __lo0bits
                0x000000000007e584                __i2b
                0x000000000007e62c                __multiply
                0x000000000007e840                __pow5mult
                0x000000000007e964                __lshift
                0x000000000007eaa4                __mcmp
                0x000000000007eb04                __mdiff
                0x000000000007ecf8                __ulp
                0x000000000007ed5c                __b2d
                0x000000000007ee4c                __d2b
                0x000000000007ef90                __ratio
                0x000000000007f014                _mprec_log10
                0x000000000007f074                __copybits
                0x000000000007f100                __any_on
 .text          0x000000000007f164      0x12c /usr/lib/gcc/arm-none-eabi/10.3.1/../../../arm-none-eabi/lib/libg.a(lib_a-putc.o)
                0x000000000007f164                _putc_r
                0x000000000007f1f0                putc